- Generate Dot-file of the graph : out.dot
- Do not considere jpg, JPG, gif, png, GIF, js, css, ico, bmp
- Filtering log between 11h and 12h
http://intranet-if.insa-lyon.fr/temps/3IF38.html (2 hits)
http://intranet-if.insa-lyon.fr/temps/ (2 hits)
http://intranet-if.insa-lyon.fr/SiteWebIF/Intranet-etudiant.php (2 hits)
http://intranet-if.insa-lyon.fr/temps/4IF20.html (1 hits)
http://intranet-if.insa-lyon.fr/temps/4IF19.html (1 hits)
http://intranet-if.insa-lyon.fr/temps/4IF17.html (1 hits)
http://intranet-if.insa-lyon.fr/temps/3IF39.html (1 hits)
http://intranet-if.insa-lyon.fr/temps/3IF37.html (1 hits)
http://intranet-if.insa-lyon.fr/temps/3IF1.ics (1 hits)
http://intranet-if.insa-lyon.fr/stages/Listestage.php (1 hits)
