- Filtering log between 15h and 16h
http://intranet-if.insa-lyon.fr/temps/4IF18.html (1 hits)
http://intranet-if.insa-lyon.fr/temps/4IF16.html (1 hits)
