- Do not considere jpg, JPG, gif, png, GIF, js, css, ico, bmp
http://intranet-if.insa-lyon.fr/temps/3IF38.html (2 hits)
http://intranet-if.insa-lyon.fr/temps/ (2 hits)
http://intranet-if.insa-lyon.fr/SiteWebIF/Intranet-etudiant.php (2 hits)
http://intranet-if.insa-lyon.fr/temps/4IF20.html (1 hits)
http://intranet-if.insa-lyon.fr/temps/4IF19.html (1 hits)
http://intranet-if.insa-lyon.fr/temps/4IF18.html (1 hits)
http://intranet-if.insa-lyon.fr/temps/4IF17.html (1 hits)
http://intranet-if.insa-lyon.fr/temps/4IF16.html (1 hits)
http://intranet-if.insa-lyon.fr/temps/3IF39.html (1 hits)
http://intranet-if.insa-lyon.fr/temps/3IF37.html (1 hits)
