http://intranet-if.insa-lyon.fr/temps/3IF38.html (2 hits)
http://intranet-if.insa-lyon.fr/temps/ (2 hits)
http://intranet-if.insa-lyon.fr/SiteWebIF/Intranet-etudiant.php (2 hits)
http://intranet-if.insa-lyon.fr/temps/suivant.gif (1 hits)
http://intranet-if.insa-lyon.fr/temps/style_emploi_du_temps.css (1 hits)
http://intranet-if.insa-lyon.fr/temps/precedent.gif (1 hits)
http://intranet-if.insa-lyon.fr/temps/choix.gif (1 hits)
http://intranet-if.insa-lyon.fr/temps/InsaIF.ico (1 hits)
http://intranet-if.insa-lyon.fr/temps/FondInsa.jpg (1 hits)
http://intranet-if.insa-lyon.fr/temps/4IF20.html (1 hits)